// Jest Snapshot v1, https://goo.gl/fbAQLP

exports[`Films component should render with state from props 1`] = `
<main>
  <div
    className="container"
  >
    <div
      className="row"
    >
      <div
        className="films-0-2-1"
      >
        <a
          data-test-card="film-1"
          href="/movies/1"
          onClick={[Function]}
        >
          <div
            className="film-0-2-4"
          >
            <figure>
              <img
                alt="Tomb Dider2020"
                className="filmImg-0-2-5"
                src=""
              />
              <figcaption
                className="filmDescription-0-2-6"
              >
                <div>
                  <h4
                    className="title-0-2-8"
                  >
                    Tomb Dider
                  </h4>
                  <p
                    className="genre-0-2-9"
                  >
                    Adventure & Adventure
                  </p>
                </div>
                <div
                  className="dateRelease-0-2-7"
                >
                  2020
                </div>
              </figcaption>
            </figure>
          </div>
        </a>
        <a
          data-test-card="film-2"
          href="/movies/2"
          onClick={[Function]}
        >
          <div
            className="film-0-2-4"
          >
            <figure>
              <img
                alt="Transformers2019"
                className="filmImg-0-2-5"
                src=""
              />
              <figcaption
                className="filmDescription-0-2-6"
              >
                <div>
                  <h4
                    className="title-0-2-8"
                  >
                    Transformers
                  </h4>
                  <p
                    className="genre-0-2-9"
                  >
                    Actions & Actions
                  </p>
                </div>
                <div
                  className="dateRelease-0-2-7"
                >
                  2019
                </div>
              </figcaption>
            </figure>
          </div>
        </a>
        <a
          data-test-card="film-3"
          href="/movies/3"
          onClick={[Function]}
        >
          <div
            className="film-0-2-4"
          >
            <figure>
              <img
                alt="Green line2019"
                className="filmImg-0-2-5"
                src=""
              />
              <figcaption
                className="filmDescription-0-2-6"
              >
                <div>
                  <h4
                    className="title-0-2-8"
                  >
                    Green line
                  </h4>
                  <p
                    className="genre-0-2-9"
                  >
                    Drama
                  </p>
                </div>
                <div
                  className="dateRelease-0-2-7"
                >
                  2019
                </div>
              </figcaption>
            </figure>
          </div>
        </a>
        <a
          data-test-card="film-4"
          href="/movies/4"
          onClick={[Function]}
        >
          <div
            className="film-0-2-4"
          >
            <figure>
              <img
                alt="Zoopark2018"
                className="filmImg-0-2-5"
                src=""
              />
              <figcaption
                className="filmDescription-0-2-6"
              >
                <div>
                  <h4
                    className="title-0-2-8"
                  >
                    Zoopark
                  </h4>
                  <p
                    className="genre-0-2-9"
                  >
                    Cartoons
                  </p>
                </div>
                <div
                  className="dateRelease-0-2-7"
                >
                  2018
                </div>
              </figcaption>
            </figure>
          </div>
        </a>
      </div>
    </div>
  </div>
</main>
`;
